// Jest Snapshot v1, https://goo.gl/fbAQLP

exports[`>>> App --- Shallow Renderer REACT COMPONENTS should match snapshot 1`] = `
<Provider
  store={
    Object {
      "dispatch": [Function],
      "getState": [Function],
      "replaceReducer": [Function],
      "subscribe": [Function],
      Symbol(observable): [Function],
    }
  }
>
  <div>
    <Header />
    <Router>
      <MessageList
        path="/"
      />
      <About
        path="/about"
      />
      <NotFound
        default={true}
        title="Page Not Found"
      />
    </Router>
    <Footer />
  </div>
</Provider>
`;

exports[`>>> App --- Snapshot +++capturing Snapshot of App 1`] = `
<div>
  <div
    className="root"
  >
    <div
      className="container"
    >
      <div
        className="root"
        role="navigation"
      >
        <a
          className="link"
          href="/about"
          onClick={[Function]}
        >
          About
        </a>
        <a
          className="link"
          href="/contact"
          onClick={[Function]}
        >
          Contact
        </a>
        <span
          className="spacer"
        >
           | 
        </span>
        <a
          className="link"
          href="/login"
          onClick={[Function]}
        >
          Log in
        </a>
        <span
          className="spacer"
        >
          or
        </span>
        <a
          className="link highlight"
          href="/register"
          onClick={[Function]}
        >
          Sign up
        </a>
      </div>
      <a
        className="brand"
        href="/"
        onClick={[Function]}
      >
        <img
          alt="React"
          height="38"
          src="logo-small.png"
          srcSet="logo-small@2x.png 2x"
          width="38"
        />
        <span
          className="brandTxt"
        >
          Your Company
        </span>
      </a>
      <div
        className="banner"
      >
        <h2
          className="bannerTitle"
        >
          React
        </h2>
        <p
          className="bannerDesc"
        >
          Complex web apps made easy
        </p>
      </div>
    </div>
  </div>
  <div
    role="group"
    style={
      Object {
        "outline": "none",
      }
    }
    tabIndex="-1"
  >
    <div
      className="device"
    >
      <div
        className="chat"
      >
        <div
          aria-label="grid"
          aria-readonly={true}
          className="ReactVirtualized__Grid ReactVirtualized__List"
          onScroll={[Function]}
          role="grid"
          style={
            Object {
              "WebkitOverflowScrolling": "touch",
              "boxSizing": "border-box",
              "direction": "ltr",
              "height": 800,
              "overflowX": "hidden",
              "overflowY": "hidden",
              "position": "relative",
              "width": 400,
              "willChange": "transform",
            }
          }
          tabIndex={0}
        />
      </div>
      <section
        id="new-message"
      >
        <div
          className="popupMessagesFooter"
        >
          <textarea
            cols="40"
            id="status_message"
            name="message"
            onKeyPress={[Function]}
            placeholder="Type a message..."
            rows="10"
          />
          <div
            className="btnFooter"
          >
            <button
              className="bgNone"
            >
              <i
                className="glyphicon glyphicon-film"
              />
               
            </button>
             
            <button
              className="bgNone"
            >
              <i
                className="glyphicon glyphicon-camera"
              />
               
            </button>
             
            <button
              className="bgNone"
            >
              <i
                className="glyphicon glyphicon-paperclip"
              />
               
            </button>
             
            <button
              className="bgNone pullRight"
            >
              <i
                className="glyphicon glyphicon-thumbs-up"
              />
               
            </button>
             
          </div>
           
        </div>
         
      </section>
    </div>
  </div>
  <div
    className="root"
  >
    <div
      className="container"
    >
      <span
        className="text"
      >
        © Your Company
      </span>
      <span
        className="spacer"
      >
        ·
      </span>
      <a
        className="link"
        href="/"
        onClick={[Function]}
      >
        Home
      </a>
      <span
        className="spacer"
      >
        ·
      </span>
      <a
        className="link"
        href="/admin"
        onClick={[Function]}
      >
        Admin
      </a>
      <span
        className="spacer"
      >
        ·
      </span>
      <a
        className="link"
        href="/privacy"
        onClick={[Function]}
      >
        Privacy
      </a>
      <span
        className="spacer"
      >
        ·
      </span>
      <a
        className="link"
        href="/not-found"
        onClick={[Function]}
      >
        Not Found
      </a>
    </div>
  </div>
</div>
`;
